.class private abstract auto ansi sealed beforefieldinit Costura.AssemblyLoader
       extends [mscorlib]System.Object
{
  .custom instance void [mscorlib]System.Runtime.CompilerServices.CompilerGeneratedAttribute::.ctor() = ( 01 00 00 00 ) 
  .field private static initonly class [mscorlib]System.Collections.Generic.Dictionary`2<string,bool> nullCache
  .field private static initonly class [mscorlib]System.Collections.Generic.Dictionary`2<string,string> assemblyNames
  .field private static initonly class [mscorlib]System.Collections.Generic.Dictionary`2<string,string> symbolNames
  .field private static class [mscorlib]System.ResolveEventHandler 'CS$<>9__CachedAnonymousMethodDelegate1'
  .method private hidebysig static string 
          CultureToString(class [mscorlib]System.Globalization.CultureInfo culture) cil managed
  {
    // Code size       31 (0x1f)
    .maxstack  2
    .locals init ([0] string CS$1$0000,
             [1] bool CS$4$0001)
    .language '{3F5162F8-07C6-11D3-9053-00C04FA302A1}', '{994B45C4-E6E9-11D2-903F-00C04FA302A1}', '{5A869D0B-6611-11D3-BD2A-0000F80849BD}'
    .line 98,98 : 5,6 'AssemblyToProcessWithoutUnmanaged\\bin\\Debug\\Common.cs'
    IL_0000:  nop
    .line 99,99 : 9,29 ''
    IL_0001:  ldarg.0
    IL_0002:  ldnull
    IL_0003:  ceq
    IL_0005:  ldc.i4.0
    IL_0006:  ceq
    IL_0008:  stloc.1
    .line 16707566,16707566 : 0,0 ''
    IL_0009:  ldloc.1
    IL_000a:  brtrue.s   IL_0014
    .line 100,100 : 13,23 ''
    IL_000c:  ldstr      ""
    IL_0011:  stloc.0
    IL_0012:  br.s       IL_001d
    .line 102,102 : 9,29 ''
    IL_0014:  ldarg.0
    IL_0015:  callvirt   instance string [mscorlib]System.Globalization.CultureInfo::get_Name()
    IL_001a:  stloc.0
    IL_001b:  br.s       IL_001d
    .line 103,103 : 5,6 ''
    IL_001d:  ldloc.0
    IL_001e:  ret
  } // end of method AssemblyLoader::CultureToString
  .method private hidebysig static void  Log(string format,
                                             object[] args) cil managed
  {
    // Code size       25 (0x19)
    .maxstack  8
    .line 31,31 : 5,6 ''
    IL_0000:  nop
    .line 33,33 : 9,75 ''
    IL_0001:  ldstr      "=== COSTURA === "
    IL_0006:  ldarg.0
    IL_0007:  ldarg.1
    IL_0008:  call       string [mscorlib]System.String::Format(string,
                                                                object[])
    IL_000d:  call       string [mscorlib]System.String::Concat(string,
                                                                string)
    IL_0012:  call       void [System]System.Diagnostics.Debug::WriteLine(string)
    IL_0017:  nop
    .line 34,34 : 5,6 ''
    IL_0018:  ret
  } // end of method AssemblyLoader::Log
  .method private hidebysig static class [mscorlib]System.Reflection.Assembly 
          ReadExistingAssembly(class [mscorlib]System.Reflection.AssemblyName name) cil managed
  {
    // Code size       168 (0xa8)
    .maxstack  4
    .locals init ([0] class [mscorlib]System.AppDomain currentDomain,
             [1] class [mscorlib]System.Reflection.Assembly[] assemblies,
             [2] class [mscorlib]System.Reflection.Assembly 'assembly',
             [3] class [mscorlib]System.Reflection.AssemblyName currentName,
             [4] class [mscorlib]System.Reflection.Assembly CS$1$0000,
             [5] class [mscorlib]System.Reflection.Assembly[] CS$6$0001,
             [6] int32 CS$7$0002,
             [7] bool CS$4$0003,
             [8] object[] CS$0$0004)
    .line 80,80 : 5,6 ''
    IL_0000:  nop
    .line 81,81 : 9,53 ''
    IL_0001:  call       class [mscorlib]System.AppDomain [mscorlib]System.AppDomain::get_CurrentDomain()
    IL_0006:  stloc.0
    .line 82,82 : 9,56 ''
    IL_0007:  ldloc.0
    IL_0008:  callvirt   instance class [mscorlib]System.Reflection.Assembly[] [mscorlib]System.AppDomain::GetAssemblies()
    IL_000d:  stloc.1
    .line 83,83 : 9,16 ''
    IL_000e:  nop
    .line 83,83 : 34,44 ''
    IL_000f:  ldloc.1
    IL_0010:  stloc.s    CS$6$0001
    .line 16707566,16707566 : 0,0 ''
    IL_0012:  ldc.i4.0
    IL_0013:  stloc.s    CS$7$0002
    IL_0015:  br.s       IL_008e
    .line 83,83 : 18,30 ''
    IL_0017:  ldloc.s    CS$6$0001
    IL_0019:  ldloc.s    CS$7$0002
    IL_001b:  ldelem.ref
    IL_001c:  stloc.2
    .line 84,84 : 9,10 ''
    IL_001d:  nop
    .line 85,85 : 13,50 ''
    IL_001e:  ldloc.2
    IL_001f:  callvirt   instance class [mscorlib]System.Reflection.AssemblyName [mscorlib]System.Reflection.Assembly::GetName()
    IL_0024:  stloc.3
    .line 86,87 : 13,153 ''
    IL_0025:  ldloc.3
    IL_0026:  callvirt   instance string [mscorlib]System.Reflection.AssemblyName::get_Name()
    IL_002b:  ldarg.0
    IL_002c:  callvirt   instance string [mscorlib]System.Reflection.AssemblyName::get_Name()
    IL_0031:  ldc.i4.3
    IL_0032:  call       bool [mscorlib]System.String::Equals(string,
                                                              string,
                                                              valuetype [mscorlib]System.StringComparison)
    IL_0037:  brfalse.s  IL_005a
    IL_0039:  ldloc.3
    IL_003a:  callvirt   instance class [mscorlib]System.Globalization.CultureInfo [mscorlib]System.Reflection.AssemblyName::get_CultureInfo()
    IL_003f:  call       string Costura.AssemblyLoader::CultureToString(class [mscorlib]System.Globalization.CultureInfo)
    IL_0044:  ldarg.0
    IL_0045:  callvirt   instance class [mscorlib]System.Globalization.CultureInfo [mscorlib]System.Reflection.AssemblyName::get_CultureInfo()
    IL_004a:  call       string Costura.AssemblyLoader::CultureToString(class [mscorlib]System.Globalization.CultureInfo)
    IL_004f:  ldc.i4.3
    IL_0050:  call       bool [mscorlib]System.String::Equals(string,
                                                              string,
                                                              valuetype [mscorlib]System.StringComparison)
    IL_0055:  ldc.i4.0
    IL_0056:  ceq
    IL_0058:  br.s       IL_005b
    IL_005a:  ldc.i4.1
    IL_005b:  nop
    IL_005c:  stloc.s    CS$4$0003
    .line 16707566,16707566 : 0,0 ''
    IL_005e:  ldloc.s    CS$4$0003
    IL_0060:  brtrue.s   IL_0087
    .line 88,88 : 13,14 ''
    IL_0062:  nop
    .line 89,89 : 17,102 ''
    IL_0063:  ldstr      "Assembly '{0}' already loaded, returning existing "
    + "assembly"
    IL_0068:  ldc.i4.1
    IL_0069:  newarr     [mscorlib]System.Object
    IL_006e:  stloc.s    CS$0$0004
    IL_0070:  ldloc.s    CS$0$0004
    IL_0072:  ldc.i4.0
    IL_0073:  ldloc.2
    IL_0074:  callvirt   instance string [mscorlib]System.Reflection.Assembly::get_FullName()
    IL_0079:  stelem.ref
    IL_007a:  ldloc.s    CS$0$0004
    IL_007c:  call       void Costura.AssemblyLoader::Log(string,
                                                          object[])
    IL_0081:  nop
    .line 91,91 : 17,33 ''
    IL_0082:  ldloc.2
    IL_0083:  stloc.s    CS$1$0000
    IL_0085:  leave.s    IL_00a4
    .line 93,93 : 9,10 ''
    IL_0087:  nop
    .line 16707566,16707566 : 0,0 ''
    IL_0088:  ldloc.s    CS$7$0002
    IL_008a:  ldc.i4.1
    IL_008b:  add
    IL_008c:  stloc.s    CS$7$0002
    .line 83,83 : 31,33 ''
    IL_008e:  ldloc.s    CS$7$0002
    IL_0090:  ldloc.s    CS$6$0001
    IL_0092:  ldlen
    IL_0093:  conv.i4
    IL_0094:  clt
    IL_0096:  stloc.s    CS$4$0003
    .line 16707566,16707566 : 0,0 ''
    IL_0098:  ldloc.s    CS$4$0003
    IL_009a:  brtrue     IL_0017
    .line 94,94 : 9,21 ''
    IL_009f:  ldnull
    IL_00a0:  stloc.s    CS$1$0000
    IL_00a2:  br.s       IL_00a4
    .line 16707566,16707566 : 0,0 ''
    IL_00a4:  nop
    .line 95,95 : 5,6 ''
    IL_00a5:  ldloc.s    CS$1$0000
    IL_00a7:  ret
  } // end of method AssemblyLoader::ReadExistingAssembly
  .method private hidebysig static void  CopyTo(class [mscorlib]System.IO.Stream source,
                                                class [mscorlib]System.IO.Stream destination) cil managed
  {
    // Code size       50 (0x32)
    .maxstack  4
    .locals init ([0] uint8[] 'array',
             [1] int32 count,
             [2] bool CS$4$0000)
    .line 37,37 : 5,6 ''
    IL_0000:  nop
    .line 38,38 : 9,37 ''
    IL_0001:  ldc.i4     0x14000
    IL_0006:  newarr     [mscorlib]System.Byte
    IL_000b:  stloc.0
    .line 16707566,16707566 : 0,0 ''
    IL_000c:  br.s       IL_001a
    .line 41,41 : 9,10 ''
    IL_000e:  nop
    .line 42,42 : 13,48 ''
    IL_000f:  ldarg.1
    IL_0010:  ldloc.0
    IL_0011:  ldc.i4.0
    IL_0012:  ldloc.1
    IL_0013:  callvirt   instance void [mscorlib]System.IO.Stream::Write(uint8[],
                                                                         int32,
                                                                         int32)
    IL_0018:  nop
    .line 43,43 : 9,10 ''
    IL_0019:  nop
    .line 40,40 : 9,67 ''
    IL_001a:  ldarg.0
    IL_001b:  ldloc.0
    IL_001c:  ldc.i4.0
    IL_001d:  ldloc.0
    IL_001e:  ldlen
    IL_001f:  conv.i4
    IL_0020:  callvirt   instance int32 [mscorlib]System.IO.Stream::Read(uint8[],
                                                                         int32,
                                                                         int32)
    IL_0025:  dup
    IL_0026:  stloc.1
    IL_0027:  ldc.i4.0
    IL_0028:  ceq
    IL_002a:  ldc.i4.0
    IL_002b:  ceq
    IL_002d:  stloc.2
    .line 16707566,16707566 : 0,0 ''
    IL_002e:  ldloc.2
    IL_002f:  brtrue.s   IL_000e
    .line 44,44 : 5,6 ''
    IL_0031:  ret
  } // end of method AssemblyLoader::CopyTo
  .method private hidebysig static class [mscorlib]System.IO.Stream 
          LoadStream(string fullname) cil managed
  {
    // Code size       124 (0x7c)
    .maxstack  2
    .locals init ([0] class [mscorlib]System.Reflection.Assembly executingAssembly,
             [1] class [mscorlib]System.IO.Stream 'stream',
             [2] class [System]System.IO.Compression.DeflateStream compressStream,
             [3] class [mscorlib]System.IO.MemoryStream memStream,
             [4] class [mscorlib]System.IO.Stream CS$1$0000,
             [5] bool CS$4$0001)
    .line 175,175 : 5,6 ''
    IL_0000:  nop
    .line 176,176 : 9,65 ''
    IL_0001:  call       class [mscorlib]System.Reflection.Assembly [mscorlib]System.Reflection.Assembly::GetExecutingAssembly()
    IL_0006:  stloc.0
    .line 178,178 : 9,39 ''
    IL_0007:  ldarg.0
    IL_0008:  ldstr      ".zip"
    IL_000d:  callvirt   instance bool [mscorlib]System.String::EndsWith(string)
    IL_0012:  ldc.i4.0
    IL_0013:  ceq
    IL_0015:  stloc.s    CS$4$0001
    .line 16707566,16707566 : 0,0 ''
    IL_0017:  ldloc.s    CS$4$0001
    IL_0019:  brtrue.s   IL_006d
    .line 179,179 : 9,10 ''
    IL_001b:  nop
    .line 180,180 : 20,86 ''
    IL_001c:  ldloc.0
    IL_001d:  ldarg.0
    IL_001e:  callvirt   instance class [mscorlib]System.IO.Stream [mscorlib]System.Reflection.Assembly::GetManifestResourceStream(string)
    IL_0023:  stloc.1
    .line 181,181 : 20,94 ''
    .try
    {
      IL_0024:  ldloc.1
      IL_0025:  ldc.i4.0
      IL_0026:  newobj     instance void [System]System.IO.Compression.DeflateStream::.ctor(class [mscorlib]System.IO.Stream,
                                                                                            valuetype [System]System.IO.Compression.CompressionMode)
      IL_002b:  stloc.2
      .line 182,182 : 13,14 ''
      .try
      {
        IL_002c:  nop
        .line 183,183 : 17,52 ''
        IL_002d:  newobj     instance void [mscorlib]System.IO.MemoryStream::.ctor()
        IL_0032:  stloc.3
        .line 184,184 : 17,51 ''
        IL_0033:  ldloc.2
        IL_0034:  ldloc.3
        IL_0035:  call       void Costura.AssemblyLoader::CopyTo(class [mscorlib]System.IO.Stream,
                                                                 class [mscorlib]System.IO.Stream)
        IL_003a:  nop
        .line 185,185 : 17,40 ''
        IL_003b:  ldloc.3
        IL_003c:  ldc.i4.0
        IL_003d:  conv.i8
        IL_003e:  callvirt   instance void [mscorlib]System.IO.Stream::set_Position(int64)
        IL_0043:  nop
        .line 186,186 : 17,34 ''
        IL_0044:  ldloc.3
        IL_0045:  stloc.s    CS$1$0000
        IL_0047:  leave.s    IL_0078
        .line 16707566,16707566 : 0,0 ''
      }  // end .try
      finally
      {
        IL_0049:  ldloc.2
        IL_004a:  ldnull
        IL_004b:  ceq
        IL_004d:  stloc.s    CS$4$0001
        IL_004f:  ldloc.s    CS$4$0001
        IL_0051:  brtrue.s   IL_005a
        IL_0053:  ldloc.2
        IL_0054:  callvirt   instance void [mscorlib]System.IDisposable::Dispose()
        IL_0059:  nop
        IL_005a:  endfinally
      }  // end handler
    }  // end .try
    finally
    {
      IL_005b:  ldloc.1
      IL_005c:  ldnull
      IL_005d:  ceq
      IL_005f:  stloc.s    CS$4$0001
      IL_0061:  ldloc.s    CS$4$0001
      IL_0063:  brtrue.s   IL_006c
      IL_0065:  ldloc.1
      IL_0066:  callvirt   instance void [mscorlib]System.IDisposable::Dispose()
      IL_006b:  nop
      IL_006c:  endfinally
      .line 190,190 : 9,70 ''
    }  // end handler
    IL_006d:  ldloc.0
    IL_006e:  ldarg.0
    IL_006f:  callvirt   instance class [mscorlib]System.IO.Stream [mscorlib]System.Reflection.Assembly::GetManifestResourceStream(string)
    IL_0074:  stloc.s    CS$1$0000
    IL_0076:  br.s       IL_0078
    .line 16707566,16707566 : 0,0 ''
    IL_0078:  nop
    .line 191,191 : 5,6 ''
    IL_0079:  ldloc.s    CS$1$0000
    IL_007b:  ret
  } // end of method AssemblyLoader::LoadStream
  .method private hidebysig static class [mscorlib]System.IO.Stream 
          LoadStream(class [mscorlib]System.Collections.Generic.Dictionary`2<string,string> resourceNames,
                     string name) cil managed
  {
    // Code size       32 (0x20)
    .maxstack  3
    .locals init ([0] string 'value',
             [1] class [mscorlib]System.IO.Stream CS$1$0000,
             [2] bool CS$4$0001)
    .line 166,166 : 5,6 ''
    IL_0000:  nop
    .line 168,168 : 9,56 ''
    IL_0001:  ldarg.0
    IL_0002:  ldarg.1
    IL_0003:  ldloca.s   'value'
    IL_0005:  callvirt   instance bool class [mscorlib]System.Collections.Generic.Dictionary`2<string,string>::TryGetValue(!0,
                                                                                                                           !1&)
    IL_000a:  ldc.i4.0
    IL_000b:  ceq
    IL_000d:  stloc.2
    .line 16707566,16707566 : 0,0 ''
    IL_000e:  ldloc.2
    IL_000f:  brtrue.s   IL_001a
    .line 169,169 : 13,38 ''
    IL_0011:  ldloc.0
    IL_0012:  call       class [mscorlib]System.IO.Stream Costura.AssemblyLoader::LoadStream(string)
    IL_0017:  stloc.1
    IL_0018:  br.s       IL_001e
    .line 171,171 : 9,21 ''
    IL_001a:  ldnull
    IL_001b:  stloc.1
    IL_001c:  br.s       IL_001e
    .line 172,172 : 5,6 ''
    IL_001e:  ldloc.1
    IL_001f:  ret
  } // end of method AssemblyLoader::LoadStream
  .method private hidebysig static uint8[] 
          ReadStream(class [mscorlib]System.IO.Stream 'stream') cil managed
  {
    // Code size       32 (0x20)
    .maxstack  4
    .locals init ([0] uint8[] data,
             [1] uint8[] CS$1$0000)
    .line 55,55 : 5,6 ''
    IL_0000:  nop
    .line 56,56 : 9,44 ''
    IL_0001:  ldarg.0
    IL_0002:  callvirt   instance int64 [mscorlib]System.IO.Stream::get_Length()
    IL_0007:  conv.ovf.i
    IL_0008:  newarr     [mscorlib]System.Byte
    IL_000d:  stloc.0
    .line 57,57 : 9,43 ''
    IL_000e:  ldarg.0
    IL_000f:  ldloc.0
    IL_0010:  ldc.i4.0
    IL_0011:  ldloc.0
    IL_0012:  ldlen
    IL_0013:  conv.i4
    IL_0014:  callvirt   instance int32 [mscorlib]System.IO.Stream::Read(uint8[],
                                                                         int32,
                                                                         int32)
    IL_0019:  pop
    .line 58,58 : 9,21 ''
    IL_001a:  ldloc.0
    IL_001b:  stloc.1
    IL_001c:  br.s       IL_001e
    .line 59,59 : 5,6 ''
    IL_001e:  ldloc.1
    IL_001f:  ret
  } // end of method AssemblyLoader::ReadStream
  .method private hidebysig static class [mscorlib]System.Reflection.Assembly 
          ReadFromEmbeddedResources(class [mscorlib]System.Collections.Generic.Dictionary`2<string,string> assemblyNames,
                                    class [mscorlib]System.Collections.Generic.Dictionary`2<string,string> symbolNames,
                                    class [mscorlib]System.Reflection.AssemblyName requestedAssemblyName) cil managed
  {
    // Code size       203 (0xcb)
    .maxstack  3
    .locals init ([0] string name,
             [1] uint8[] assemblyData,
             [2] class [mscorlib]System.IO.Stream assemblyStream,
             [3] class [mscorlib]System.IO.Stream pdbStream,
             [4] uint8[] pdbData,
             [5] class [mscorlib]System.Reflection.Assembly CS$1$0000,
             [6] bool CS$4$0001)
    .line 137,137 : 5,6 ''
    IL_0000:  nop
    .line 138,138 : 9,66 ''
    IL_0001:  ldarg.2
    IL_0002:  callvirt   instance string [mscorlib]System.Reflection.AssemblyName::get_Name()
    IL_0007:  callvirt   instance string [mscorlib]System.String::ToLowerInvariant()
    IL_000c:  stloc.0
    .line 140,140 : 9,120 ''
    IL_000d:  ldarg.2
    IL_000e:  callvirt   instance class [mscorlib]System.Globalization.CultureInfo [mscorlib]System.Reflection.AssemblyName::get_CultureInfo()
    IL_0013:  brfalse.s  IL_0027
    IL_0015:  ldarg.2
    IL_0016:  callvirt   instance class [mscorlib]System.Globalization.CultureInfo [mscorlib]System.Reflection.AssemblyName::get_CultureInfo()
    IL_001b:  callvirt   instance string [mscorlib]System.Globalization.CultureInfo::get_Name()
    IL_0020:  call       bool [mscorlib]System.String::IsNullOrEmpty(string)
    IL_0025:  br.s       IL_0028
    IL_0027:  ldc.i4.1
    IL_0028:  nop
    IL_0029:  stloc.s    CS$4$0001
    .line 16707566,16707566 : 0,0 ''
    IL_002b:  ldloc.s    CS$4$0001
    IL_002d:  brtrue.s   IL_0046
    .line 141,141 : 13,91 ''
    IL_002f:  ldstr      "{0}.{1}"
    IL_0034:  ldarg.2
    IL_0035:  callvirt   instance class [mscorlib]System.Globalization.CultureInfo [mscorlib]System.Reflection.AssemblyName::get_CultureInfo()
    IL_003a:  callvirt   instance string [mscorlib]System.Globalization.CultureInfo::get_Name()
    IL_003f:  ldloc.0
    IL_0040:  call       string [mscorlib]System.String::Format(string,
                                                                object,
                                                                object)
    IL_0045:  stloc.0
    .line 144,144 : 16,68 ''
    IL_0046:  ldarg.0
    IL_0047:  ldloc.0
    IL_0048:  call       class [mscorlib]System.IO.Stream Costura.AssemblyLoader::LoadStream(class [mscorlib]System.Collections.Generic.Dictionary`2<string,string>,
                                                                                             string)
    IL_004d:  stloc.2
    .line 145,145 : 9,10 ''
    .try
    {
      IL_004e:  nop
      .line 146,146 : 13,40 ''
      IL_004f:  ldloc.2
      IL_0050:  ldnull
      IL_0051:  ceq
      IL_0053:  ldc.i4.0
      IL_0054:  ceq
      IL_0056:  stloc.s    CS$4$0001
      .line 16707566,16707566 : 0,0 ''
      IL_0058:  ldloc.s    CS$4$0001
      IL_005a:  brtrue.s   IL_0062
      .line 147,147 : 13,14 ''
      IL_005c:  nop
      .line 148,148 : 17,29 ''
      IL_005d:  ldnull
      IL_005e:  stloc.s    CS$1$0000
      IL_0060:  leave.s    IL_00c7
      .line 150,150 : 13,55 ''
      IL_0062:  ldloc.2
      IL_0063:  call       uint8[] Costura.AssemblyLoader::ReadStream(class [mscorlib]System.IO.Stream)
      IL_0068:  stloc.1
      .line 151,151 : 9,10 ''
      IL_0069:  nop
      .line 16707566,16707566 : 0,0 ''
      IL_006a:  leave.s    IL_007e
    }  // end .try
    finally
    {
      IL_006c:  ldloc.2
      IL_006d:  ldnull
      IL_006e:  ceq
      IL_0070:  stloc.s    CS$4$0001
      IL_0072:  ldloc.s    CS$4$0001
      IL_0074:  brtrue.s   IL_007d
      IL_0076:  ldloc.2
      IL_0077:  callvirt   instance void [mscorlib]System.IDisposable::Dispose()
      IL_007c:  nop
      IL_007d:  endfinally
      .line 16707566,16707566 : 0,0 ''
    }  // end handler
    IL_007e:  nop
    .line 153,153 : 16,61 ''
    IL_007f:  ldarg.1
    IL_0080:  ldloc.0
    IL_0081:  call       class [mscorlib]System.IO.Stream Costura.AssemblyLoader::LoadStream(class [mscorlib]System.Collections.Generic.Dictionary`2<string,string>,
                                                                                             string)
    IL_0086:  stloc.3
    .line 154,154 : 9,10 ''
    .try
    {
      IL_0087:  nop
      .line 155,155 : 13,35 ''
      IL_0088:  ldloc.3
      IL_0089:  ldnull
      IL_008a:  ceq
      IL_008c:  stloc.s    CS$4$0001
      .line 16707566,16707566 : 0,0 ''
      IL_008e:  ldloc.s    CS$4$0001
      IL_0090:  brtrue.s   IL_00a7
      .line 156,156 : 13,14 ''
      IL_0092:  nop
      .line 157,157 : 17,53 ''
      IL_0093:  ldloc.3
      IL_0094:  call       uint8[] Costura.AssemblyLoader::ReadStream(class [mscorlib]System.IO.Stream)
      IL_0099:  stloc.s    pdbData
      .line 158,158 : 17,61 ''
      IL_009b:  ldloc.1
      IL_009c:  ldloc.s    pdbData
      IL_009e:  call       class [mscorlib]System.Reflection.Assembly [mscorlib]System.Reflection.Assembly::Load(uint8[],
                                                                                                                 uint8[])
      IL_00a3:  stloc.s    CS$1$0000
      IL_00a5:  leave.s    IL_00c7
      .line 160,160 : 9,10 ''
      IL_00a7:  nop
      .line 16707566,16707566 : 0,0 ''
      IL_00a8:  leave.s    IL_00bc
    }  // end .try
    finally
    {
      IL_00aa:  ldloc.3
      IL_00ab:  ldnull
      IL_00ac:  ceq
      IL_00ae:  stloc.s    CS$4$0001
      IL_00b0:  ldloc.s    CS$4$0001
      IL_00b2:  brtrue.s   IL_00bb
      IL_00b4:  ldloc.3
      IL_00b5:  callvirt   instance void [mscorlib]System.IDisposable::Dispose()
      IL_00ba:  nop
      IL_00bb:  endfinally
      .line 16707566,16707566 : 0,0 ''
    }  // end handler
    IL_00bc:  nop
    .line 162,162 : 9,44 ''
    IL_00bd:  ldloc.1
    IL_00be:  call       class [mscorlib]System.Reflection.Assembly [mscorlib]System.Reflection.Assembly::Load(uint8[])
    IL_00c3:  stloc.s    CS$1$0000
    IL_00c5:  br.s       IL_00c7
    .line 16707566,16707566 : 0,0 ''
    IL_00c7:  nop
    .line 163,163 : 5,6 ''
    IL_00c8:  ldloc.s    CS$1$0000
    IL_00ca:  ret
  } // end of method AssemblyLoader::ReadFromEmbeddedResources
  .method public hidebysig static class [mscorlib]System.Reflection.Assembly 
          ResolveAssembly(string assemblyName) cil managed
  {
    // Code size       158 (0x9e)
    .maxstack  4
    .locals init ([0] class [mscorlib]System.Reflection.AssemblyName requestedAssemblyName,
             [1] class [mscorlib]System.Reflection.Assembly 'assembly',
             [2] class [mscorlib]System.Reflection.Assembly CS$1$0000,
             [3] bool CS$4$0001,
             [4] object[] CS$0$0002)
    .line 19,19 : 5,6 'AssemblyToProcessWithoutUnmanaged\\bin\\Debug\\ILTemplate.cs'
    IL_0000:  nop
    .line 20,20 : 9,49 ''
    IL_0001:  ldsfld     class [mscorlib]System.Collections.Generic.Dictionary`2<string,bool> Costura.AssemblyLoader::nullCache
    IL_0006:  ldarg.0
    IL_0007:  callvirt   instance bool class [mscorlib]System.Collections.Generic.Dictionary`2<string,bool>::ContainsKey(!0)
    IL_000c:  ldc.i4.0
    IL_000d:  ceq
    IL_000f:  stloc.3
    .line 16707566,16707566 : 0,0 ''
    IL_0010:  ldloc.3
    IL_0011:  brtrue.s   IL_001b
    .line 21,21 : 9,10 ''
    IL_0013:  nop
    .line 22,22 : 13,25 ''
    IL_0014:  ldnull
    IL_0015:  stloc.2
    IL_0016:  br         IL_009c
    .line 25,25 : 9,68 ''
    IL_001b:  ldarg.0
    IL_001c:  newobj     instance void [mscorlib]System.Reflection.AssemblyName::.ctor(string)
    IL_0021:  stloc.0
    .line 27,27 : 9,75 ''
    IL_0022:  ldloc.0
    IL_0023:  call       class [mscorlib]System.Reflection.Assembly Costura.AssemblyLoader::ReadExistingAssembly(class [mscorlib]System.Reflection.AssemblyName)
    IL_0028:  stloc.1
    .line 28,28 : 9,30 ''
    IL_0029:  ldloc.1
    IL_002a:  ldnull
    IL_002b:  ceq
    IL_002d:  stloc.3
    .line 16707566,16707566 : 0,0 ''
    IL_002e:  ldloc.3
    IL_002f:  brtrue.s   IL_0036
    .line 29,29 : 9,10 ''
    IL_0031:  nop
    .line 30,30 : 13,29 ''
    IL_0032:  ldloc.1
    IL_0033:  stloc.2
    IL_0034:  br.s       IL_009c
    .line 33,33 : 9,88 ''
    IL_0036:  ldstr      "Loading assembly '{0}' into the AppDomain"
    IL_003b:  ldc.i4.1
    IL_003c:  newarr     [mscorlib]System.Object
    IL_0041:  stloc.s    CS$0$0002
    IL_0043:  ldloc.s    CS$0$0002
    IL_0045:  ldc.i4.0
    IL_0046:  ldloc.0
    IL_0047:  stelem.ref
    IL_0048:  ldloc.s    CS$0$0002
    IL_004a:  call       void Costura.AssemblyLoader::Log(string,
                                                          object[])
    IL_004f:  nop
    .line 35,35 : 9,104 ''
    IL_0050:  ldsfld     class [mscorlib]System.Collections.Generic.Dictionary`2<string,string> Costura.AssemblyLoader::assemblyNames
    IL_0055:  ldsfld     class [mscorlib]System.Collections.Generic.Dictionary`2<string,string> Costura.AssemblyLoader::symbolNames
    IL_005a:  ldloc.0
    IL_005b:  call       class [mscorlib]System.Reflection.Assembly Costura.AssemblyLoader::ReadFromEmbeddedResources(class [mscorlib]System.Collections.Generic.Dictionary`2<string,string>,
                                                                                                                      class [mscorlib]System.Collections.Generic.Dictionary`2<string,string>,
                                                                                                                      class [mscorlib]System.Reflection.AssemblyName)
    IL_0060:  stloc.1
    .line 36,36 : 9,30 ''
    IL_0061:  ldloc.1
    IL_0062:  ldnull
    IL_0063:  ceq
    IL_0065:  ldc.i4.0
    IL_0066:  ceq
    IL_0068:  stloc.3
    .line 16707566,16707566 : 0,0 ''
    IL_0069:  ldloc.3
    IL_006a:  brtrue.s   IL_0098
    .line 37,37 : 9,10 ''
    IL_006c:  nop
    .line 38,38 : 13,47 ''
    IL_006d:  ldsfld     class [mscorlib]System.Collections.Generic.Dictionary`2<string,bool> Costura.AssemblyLoader::nullCache
    IL_0072:  ldarg.0
    IL_0073:  ldc.i4.1
    IL_0074:  callvirt   instance void class [mscorlib]System.Collections.Generic.Dictionary`2<string,bool>::Add(!0,
                                                                                                                 !1)
    IL_0079:  nop
    .line 41,41 : 13,79 ''
    IL_007a:  ldloc.0
    IL_007b:  callvirt   instance valuetype [mscorlib]System.Reflection.AssemblyNameFlags [mscorlib]System.Reflection.AssemblyName::get_Flags()
    IL_0080:  ldc.i4     0x100
    IL_0085:  ceq
    IL_0087:  ldc.i4.0
    IL_0088:  ceq
    IL_008a:  stloc.3
    .line 16707566,16707566 : 0,0 ''
    IL_008b:  ldloc.3
    IL_008c:  brtrue.s   IL_0097
    .line 42,42 : 13,14 ''
    IL_008e:  nop
    .line 43,43 : 17,65 ''
    IL_008f:  ldloc.0
    IL_0090:  call       class [mscorlib]System.Reflection.Assembly [mscorlib]System.Reflection.Assembly::Load(class [mscorlib]System.Reflection.AssemblyName)
    IL_0095:  stloc.1
    .line 44,44 : 13,14 ''
    IL_0096:  nop
    .line 45,45 : 9,10 ''
    IL_0097:  nop
    .line 46,46 : 9,25 ''
    IL_0098:  ldloc.1
    IL_0099:  stloc.2
    IL_009a:  br.s       IL_009c
    .line 47,47 : 5,6 ''
    IL_009c:  ldloc.2
    IL_009d:  ret
  } // end of method AssemblyLoader::ResolveAssembly
  .method private hidebysig specialname rtspecialname static 
          void  .cctor() cil managed
  {
    // Code size       111 (0x6f)
    .maxstack  3
    .line 7,7 : 5,89 ''
    IL_0000:  newobj     instance void class [mscorlib]System.Collections.Generic.Dictionary`2<string,bool>::.ctor()
    IL_0005:  stsfld     class [mscorlib]System.Collections.Generic.Dictionary`2<string,bool> Costura.AssemblyLoader::nullCache
    .line 9,9 : 5,97 ''
    IL_000a:  newobj     instance void class [mscorlib]System.Collections.Generic.Dictionary`2<string,string>::.ctor()
    IL_000f:  stsfld     class [mscorlib]System.Collections.Generic.Dictionary`2<string,string> Costura.AssemblyLoader::assemblyNames
    .line 10,10 : 5,95 ''
    IL_0014:  newobj     instance void class [mscorlib]System.Collections.Generic.Dictionary`2<string,string>::.ctor()
    IL_0019:  stsfld     class [mscorlib]System.Collections.Generic.Dictionary`2<string,string> Costura.AssemblyLoader::symbolNames
    IL_001e:  ldsfld     class [mscorlib]System.Collections.Generic.Dictionary`2<string,string> Costura.AssemblyLoader::assemblyNames
    IL_0023:  ldstr      "assemblytoreference"
    IL_0028:  ldstr      "costura.assemblytoreference.dll.zip"
    IL_002d:  callvirt   instance void class [mscorlib]System.Collections.Generic.Dictionary`2<string,string>::Add(!0,
                                                                                                                   !1)
    IL_0032:  ldsfld     class [mscorlib]System.Collections.Generic.Dictionary`2<string,string> Costura.AssemblyLoader::symbolNames
    IL_0037:  ldstr      "assemblytoreference"
    IL_003c:  ldstr      "costura.assemblytoreference.pdb.zip"
    IL_0041:  callvirt   instance void class [mscorlib]System.Collections.Generic.Dictionary`2<string,string>::Add(!0,
                                                                                                                   !1)
    IL_0046:  ldsfld     class [mscorlib]System.Collections.Generic.Dictionary`2<string,string> Costura.AssemblyLoader::assemblyNames
    IL_004b:  ldstr      "de.assemblytoreference.resources"
    IL_0050:  ldstr      "costura.de.assemblytoreference.resources.dll.zip"
    IL_0055:  callvirt   instance void class [mscorlib]System.Collections.Generic.Dictionary`2<string,string>::Add(!0,
                                                                                                                   !1)
    IL_005a:  ldsfld     class [mscorlib]System.Collections.Generic.Dictionary`2<string,string> Costura.AssemblyLoader::assemblyNames
    IL_005f:  ldstr      "fr.assemblytoreference.resources"
    IL_0064:  ldstr      "costura.fr.assemblytoreference.resources.dll.zip"
    IL_0069:  callvirt   instance void class [mscorlib]System.Collections.Generic.Dictionary`2<string,string>::Add(!0,
                                                                                                                   !1)
    .line 16707566,16707566 : 0,0 ''
    IL_006e:  ret
  } // end of method AssemblyLoader::.cctor
  .method private hidebysig static class [mscorlib]System.Reflection.Assembly 
          '<Attach>b__0'(object s,
                         class [mscorlib]System.ResolveEventArgs e) cil managed
  {
    // Code size       16 (0x10)
    .maxstack  1
    .locals init ([0] class [mscorlib]System.Reflection.Assembly CS$1$0000)
    .line 15,15 : 52,75 ''
    IL_0000:  ldarg.1
    IL_0001:  callvirt   instance string [mscorlib]System.ResolveEventArgs::get_Name()
    IL_0006:  call       class [mscorlib]System.Reflection.Assembly Costura.AssemblyLoader::ResolveAssembly(string)
    IL_000b:  stloc.0
    IL_000c:  br.s       IL_000e
    .line 16707566,16707566 : 0,0 ''
    IL_000e:  ldloc.0
    IL_000f:  ret
  } // end of method AssemblyLoader::'<Attach>b__0'
  .method public hidebysig static void  Attach() cil managed
  {
    // Code size       46 (0x2e)
    .maxstack  3
    .locals init ([0] class [mscorlib]System.AppDomain currentDomain)
    .line 13,13 : 5,6 ''
    IL_0000:  nop
    .line 14,14 : 9,53 ''
    IL_0001:  call       class [mscorlib]System.AppDomain [mscorlib]System.AppDomain::get_CurrentDomain()
    IL_0006:  stloc.0
    .line 15,15 : 9,76 ''
    IL_0007:  ldloc.0
    IL_0008:  ldsfld     class [mscorlib]System.ResolveEventHandler Costura.AssemblyLoader::'CS$<>9__CachedAnonymousMethodDelegate1'
    IL_000d:  brtrue.s   IL_0022
    IL_000f:  ldnull
    IL_0010:  ldftn      class [mscorlib]System.Reflection.Assembly Costura.AssemblyLoader::'<Attach>b__0'(object,
                                                                                                           class [mscorlib]System.ResolveEventArgs)
    IL_0016:  newobj     instance void [mscorlib]System.ResolveEventHandler::.ctor(object,
                                                                                   native int)
    IL_001b:  stsfld     class [mscorlib]System.ResolveEventHandler Costura.AssemblyLoader::'CS$<>9__CachedAnonymousMethodDelegate1'
    IL_0020:  br.s       IL_0022
    IL_0022:  ldsfld     class [mscorlib]System.ResolveEventHandler Costura.AssemblyLoader::'CS$<>9__CachedAnonymousMethodDelegate1'
    IL_0027:  callvirt   instance void [mscorlib]System.AppDomain::add_AssemblyResolve(class [mscorlib]System.ResolveEventHandler)
    IL_002c:  nop
    .line 16,16 : 5,6 ''
    IL_002d:  ret
  } // end of method AssemblyLoader::Attach
} // end of class Costura.AssemblyLoader